python : Creating 
test database for 
alias 'default'...
At line:1 char:1
+ python manage.py 
test bookings > 
test_output.txt 2>&1
+ ~~~~~~~~~~~~~~~~~~~
~~~~~~~~~~~~~~~~~~~~~
~~~~~~~~~~~~~
    + CategoryInfo   
           : NotSpe  
  cified: (Creatin   
 g test d...as 'd    
efault'...:Strin    
g) [], RemoteExc    
eption
    + FullyQualified 
   ErrorId : Native  
  CommandError
 

EE
=====================
=====================
=====================
=======
ERROR: test_provider_
can_cancel_booking_wi
th_reason (bookings.t
ests.BookingCancellat
ionTests.test_provide
r_can_cancel_booking_
with_reason)
---------------------
---------------------
---------------------
-------
Traceback (most 
recent call last):
  File "C:\Users\pras
ad\OneDrive\Desktop\D
jango\urban_services\
bookings\tests.py", 
line 19, in setUp
    self.service = Se
rvice.objects.create(
                   ~~
~~~~~~~~~~~~~~~~~~~~^
        
name='Cleaning',
        
^^^^^^^^^^^^^^^^
    ...<3 lines>...
        provider=self
.provider
        ^^^^^^^^^^^^^
^^^^^^^^^
    )
    ^
  File "C:\Users\pras
ad\AppData\Roaming\Py
thon\Python313\site-p
ackages\django\db\mod
els\manager.py", 
line 87, in 
manager_method
    return getattr(se
lf.get_queryset(), 
name)(*args, 
**kwargs)
           ~~~~~~~~~~
~~~~~~~~~~~~~~~~~~~~~
~~~^^^^^^^^^^^^^^^^^
  File "C:\Users\pras
ad\AppData\Roaming\Py
thon\Python313\site-p
ackages\django\db\mod
els\query.py", line 
663, in create
    obj = 
self.model(**kwargs)
  File "C:\Users\pras
ad\AppData\Roaming\Py
thon\Python313\site-p
ackages\django\db\mod
els\base.py", line 
569, in __init__
    raise TypeError(
    ...<2 lines>...
    )
TypeError: Service() 
got unexpected 
keyword arguments: 
'provider'

=====================
=====================
=====================
=======
ERROR: test_provider_
cannot_cancel_others_
booking (bookings.tes
ts.BookingCancellatio
nTests.test_provider_
cannot_cancel_others_
booking)
---------------------
---------------------
---------------------
-------
Traceback (most 
recent call last):
  File "C:\Users\pras
ad\OneDrive\Desktop\D
jango\urban_services\
bookings\tests.py", 
line 19, in setUp
    self.service = Se
rvice.objects.create(
                   ~~
~~~~~~~~~~~~~~~~~~~~^
        
name='Cleaning',
        
^^^^^^^^^^^^^^^^
    ...<3 lines>...
        provider=self
.provider
        ^^^^^^^^^^^^^
^^^^^^^^^
    )
    ^
  File "C:\Users\pras
ad\AppData\Roaming\Py
thon\Python313\site-p
ackages\django\db\mod
els\manager.py", 
line 87, in 
manager_method
    return getattr(se
lf.get_queryset(), 
name)(*args, 
**kwargs)
           ~~~~~~~~~~
~~~~~~~~~~~~~~~~~~~~~
~~~^^^^^^^^^^^^^^^^^
  File "C:\Users\pras
ad\AppData\Roaming\Py
thon\Python313\site-p
ackages\django\db\mod
els\query.py", line 
663, in create
    obj = 
self.model(**kwargs)
  File "C:\Users\pras
ad\AppData\Roaming\Py
thon\Python313\site-p
ackages\django\db\mod
els\base.py", line 
569, in __init__
    raise TypeError(
    ...<2 lines>...
    )
TypeError: Service() 
got unexpected 
keyword arguments: 
'provider'

---------------------
---------------------
---------------------
-------
Ran 2 tests in 2.480s

FAILED (errors=2)
Destroying test 
database for alias 
'default'...

Found 2 test(s).
System check identified no issues (0 silenced).
